// Jest Snapshot v1, https://goo.gl/fbAQLP

exports[`Should render Header View Properly 1`] = `
ShallowWrapper {
  "length": 1,
  Symbol(enzyme.__root__): [Circular],
  Symbol(enzyme.__unrendered__): <Header />,
  Symbol(enzyme.__renderer__): Object {
    "batchedUpdates": [Function],
    "getNode": [Function],
    "render": [Function],
    "simulateEvent": [Function],
    "unmount": [Function],
  },
  Symbol(enzyme.__node__): Object {
    "instance": null,
    "key": undefined,
    "nodeType": "host",
    "props": Object {
      "children": <nav
        className="navbar navbar-default navbar-inverse"
>
        <div
                className="container-fluid"
        >
                <div
                        className="navbar-header"
                >
                        <button
                                aria-expanded="false"
                                className="navbar-toggle collapsed"
                                data-target="#bs-example-navbar-collapse-1"
                                data-toggle="collapse"
                                type="button"
                        >
                                <span
                                        className="sr-only"
                                >
                                        Toggle navigation
                                </span>
                                <span
                                        className="icon-bar"
                                />
                                <span
                                        className="icon-bar"
                                />
                                <span
                                        className="icon-bar"
                                />
                        </button>
                        <a
                                className="navbar-brand"
                                href="#"
                        >
                                Brand
                        </a>
                </div>
                <div
                        className="collapse navbar-collapse"
                        id="bs-example-navbar-collapse-1"
                >
                        <ul
                                className="nav navbar-nav"
                        >
                                <li>
                                        <NavLink
                                                activeClassName=""
                                                ariaCurrent="true"
                                                exact={true}
                                                to="/"
                                        >
                                                Home
                                        </NavLink>
                                </li>
                                <li>
                                        <NavLink
                                                activeClassName=""
                                                ariaCurrent="true"
                                                to="/spread"
                                        >
                                                Spread
                                        </NavLink>
                                </li>
                        </ul>
                </div>
        </div>
</nav>,
    },
    "ref": null,
    "rendered": Object {
      "instance": null,
      "key": undefined,
      "nodeType": "host",
      "props": Object {
        "children": <div
          className="container-fluid"
>
          <div
                    className="navbar-header"
          >
                    <button
                              aria-expanded="false"
                              className="navbar-toggle collapsed"
                              data-target="#bs-example-navbar-collapse-1"
                              data-toggle="collapse"
                              type="button"
                    >
                              <span
                                        className="sr-only"
                              >
                                        Toggle navigation
                              </span>
                              <span
                                        className="icon-bar"
                              />
                              <span
                                        className="icon-bar"
                              />
                              <span
                                        className="icon-bar"
                              />
                    </button>
                    <a
                              className="navbar-brand"
                              href="#"
                    >
                              Brand
                    </a>
          </div>
          <div
                    className="collapse navbar-collapse"
                    id="bs-example-navbar-collapse-1"
          >
                    <ul
                              className="nav navbar-nav"
                    >
                              <li>
                                        <NavLink
                                                  activeClassName=""
                                                  ariaCurrent="true"
                                                  exact={true}
                                                  to="/"
                                        >
                                                  Home
                                        </NavLink>
                              </li>
                              <li>
                                        <NavLink
                                                  activeClassName=""
                                                  ariaCurrent="true"
                                                  to="/spread"
                                        >
                                                  Spread
                                        </NavLink>
                              </li>
                    </ul>
          </div>
</div>,
        "className": "navbar navbar-default navbar-inverse",
      },
      "ref": null,
      "rendered": Object {
        "instance": null,
        "key": undefined,
        "nodeType": "host",
        "props": Object {
          "children": Array [
            <div
              className="navbar-header"
>
              <button
                            aria-expanded="false"
                            className="navbar-toggle collapsed"
                            data-target="#bs-example-navbar-collapse-1"
                            data-toggle="collapse"
                            type="button"
              >
                            <span
                                          className="sr-only"
                            >
                                          Toggle navigation
                            </span>
                            <span
                                          className="icon-bar"
                            />
                            <span
                                          className="icon-bar"
                            />
                            <span
                                          className="icon-bar"
                            />
              </button>
              <a
                            className="navbar-brand"
                            href="#"
              >
                            Brand
              </a>
</div>,
            <div
              className="collapse navbar-collapse"
              id="bs-example-navbar-collapse-1"
>
              <ul
                            className="nav navbar-nav"
              >
                            <li>
                                          <NavLink
                                                        activeClassName=""
                                                        ariaCurrent="true"
                                                        exact={true}
                                                        to="/"
                                          >
                                                        Home
                                          </NavLink>
                            </li>
                            <li>
                                          <NavLink
                                                        activeClassName=""
                                                        ariaCurrent="true"
                                                        to="/spread"
                                          >
                                                        Spread
                                          </NavLink>
                            </li>
              </ul>
</div>,
          ],
          "className": "container-fluid",
        },
        "ref": null,
        "rendered": Array [
          Object {
            "instance": null,
            "key": undefined,
            "nodeType": "host",
            "props": Object {
              "children": Array [
                <button
                  aria-expanded="false"
                  className="navbar-toggle collapsed"
                  data-target="#bs-example-navbar-collapse-1"
                  data-toggle="collapse"
                  type="button"
>
                  <span
                                    className="sr-only"
                  >
                                    Toggle navigation
                  </span>
                  <span
                                    className="icon-bar"
                  />
                  <span
                                    className="icon-bar"
                  />
                  <span
                                    className="icon-bar"
                  />
</button>,
                <a
                  className="navbar-brand"
                  href="#"
>
                  Brand
</a>,
              ],
              "className": "navbar-header",
            },
            "ref": null,
            "rendered": Array [
              Object {
                "instance": null,
                "key": undefined,
                "nodeType": "host",
                "props": Object {
                  "aria-expanded": "false",
                  "children": Array [
                    <span
                      className="sr-only"
>
                      Toggle navigation
</span>,
                    <span
                      className="icon-bar"
/>,
                    <span
                      className="icon-bar"
/>,
                    <span
                      className="icon-bar"
/>,
                  ],
                  "className": "navbar-toggle collapsed",
                  "data-target": "#bs-example-navbar-collapse-1",
                  "data-toggle": "collapse",
                  "type": "button",
                },
                "ref": null,
                "rendered": Array [
                  Object {
                    "instance": null,
                    "key": undefined,
                    "nodeType": "host",
                    "props": Object {
                      "children": "Toggle navigation",
                      "className": "sr-only",
                    },
                    "ref": null,
                    "rendered": "Toggle navigation",
                    "type": "span",
                  },
                  Object {
                    "instance": null,
                    "key": undefined,
                    "nodeType": "host",
                    "props": Object {
                      "className": "icon-bar",
                    },
                    "ref": null,
                    "rendered": null,
                    "type": "span",
                  },
                  Object {
                    "instance": null,
                    "key": undefined,
                    "nodeType": "host",
                    "props": Object {
                      "className": "icon-bar",
                    },
                    "ref": null,
                    "rendered": null,
                    "type": "span",
                  },
                  Object {
                    "instance": null,
                    "key": undefined,
                    "nodeType": "host",
                    "props": Object {
                      "className": "icon-bar",
                    },
                    "ref": null,
                    "rendered": null,
                    "type": "span",
                  },
                ],
                "type": "button",
              },
              Object {
                "instance": null,
                "key": undefined,
                "nodeType": "host",
                "props": Object {
                  "children": "Brand",
                  "className": "navbar-brand",
                  "href": "#",
                },
                "ref": null,
                "rendered": "Brand",
                "type": "a",
              },
            ],
            "type": "div",
          },
          Object {
            "instance": null,
            "key": undefined,
            "nodeType": "host",
            "props": Object {
              "children": <ul
                className="nav navbar-nav"
>
                <li>
                                <NavLink
                                                activeClassName=""
                                                ariaCurrent="true"
                                                exact={true}
                                                to="/"
                                >
                                                Home
                                </NavLink>
                </li>
                <li>
                                <NavLink
                                                activeClassName=""
                                                ariaCurrent="true"
                                                to="/spread"
                                >
                                                Spread
                                </NavLink>
                </li>
</ul>,
              "className": "collapse navbar-collapse",
              "id": "bs-example-navbar-collapse-1",
            },
            "ref": null,
            "rendered": Object {
              "instance": null,
              "key": undefined,
              "nodeType": "host",
              "props": Object {
                "children": Array [
                  <li>
                    <NavLink
                                        activeClassName=""
                                        ariaCurrent="true"
                                        exact={true}
                                        to="/"
                    >
                                        Home
                    </NavLink>
</li>,
                  <li>
                    <NavLink
                                        activeClassName=""
                                        ariaCurrent="true"
                                        to="/spread"
                    >
                                        Spread
                    </NavLink>
</li>,
                ],
                "className": "nav navbar-nav",
              },
              "ref": null,
              "rendered": Array [
                Object {
                  "instance": null,
                  "key": undefined,
                  "nodeType": "host",
                  "props": Object {
                    "children": <NavLink
                      activeClassName=""
                      ariaCurrent="true"
                      exact={true}
                      to="/"
>
                      Home
</NavLink>,
                  },
                  "ref": null,
                  "rendered": Object {
                    "instance": null,
                    "key": undefined,
                    "nodeType": "function",
                    "props": Object {
                      "activeClassName": "",
                      "ariaCurrent": "true",
                      "children": "Home",
                      "exact": true,
                      "to": "/",
                    },
                    "ref": null,
                    "rendered": "Home",
                    "type": [Function],
                  },
                  "type": "li",
                },
                Object {
                  "instance": null,
                  "key": undefined,
                  "nodeType": "host",
                  "props": Object {
                    "children": <NavLink
                      activeClassName=""
                      ariaCurrent="true"
                      to="/spread"
>
                      Spread
</NavLink>,
                  },
                  "ref": null,
                  "rendered": Object {
                    "instance": null,
                    "key": undefined,
                    "nodeType": "function",
                    "props": Object {
                      "activeClassName": "",
                      "ariaCurrent": "true",
                      "children": "Spread",
                      "to": "/spread",
                    },
                    "ref": null,
                    "rendered": "Spread",
                    "type": [Function],
                  },
                  "type": "li",
                },
              ],
              "type": "ul",
            },
            "type": "div",
          },
        ],
        "type": "div",
      },
      "type": "nav",
    },
    "type": "div",
  },
  Symbol(enzyme.__nodes__): Array [
    Object {
      "instance": null,
      "key": undefined,
      "nodeType": "host",
      "props": Object {
        "children": <nav
          className="navbar navbar-default navbar-inverse"
>
          <div
                    className="container-fluid"
          >
                    <div
                              className="navbar-header"
                    >
                              <button
                                        aria-expanded="false"
                                        className="navbar-toggle collapsed"
                                        data-target="#bs-example-navbar-collapse-1"
                                        data-toggle="collapse"
                                        type="button"
                              >
                                        <span
                                                  className="sr-only"
                                        >
                                                  Toggle navigation
                                        </span>
                                        <span
                                                  className="icon-bar"
                                        />
                                        <span
                                                  className="icon-bar"
                                        />
                                        <span
                                                  className="icon-bar"
                                        />
                              </button>
                              <a
                                        className="navbar-brand"
                                        href="#"
                              >
                                        Brand
                              </a>
                    </div>
                    <div
                              className="collapse navbar-collapse"
                              id="bs-example-navbar-collapse-1"
                    >
                              <ul
                                        className="nav navbar-nav"
                              >
                                        <li>
                                                  <NavLink
                                                            activeClassName=""
                                                            ariaCurrent="true"
                                                            exact={true}
                                                            to="/"
                                                  >
                                                            Home
                                                  </NavLink>
                                        </li>
                                        <li>
                                                  <NavLink
                                                            activeClassName=""
                                                            ariaCurrent="true"
                                                            to="/spread"
                                                  >
                                                            Spread
                                                  </NavLink>
                                        </li>
                              </ul>
                    </div>
          </div>
</nav>,
      },
      "ref": null,
      "rendered": Object {
        "instance": null,
        "key": undefined,
        "nodeType": "host",
        "props": Object {
          "children": <div
            className="container-fluid"
>
            <div
                        className="navbar-header"
            >
                        <button
                                    aria-expanded="false"
                                    className="navbar-toggle collapsed"
                                    data-target="#bs-example-navbar-collapse-1"
                                    data-toggle="collapse"
                                    type="button"
                        >
                                    <span
                                                className="sr-only"
                                    >
                                                Toggle navigation
                                    </span>
                                    <span
                                                className="icon-bar"
                                    />
                                    <span
                                                className="icon-bar"
                                    />
                                    <span
                                                className="icon-bar"
                                    />
                        </button>
                        <a
                                    className="navbar-brand"
                                    href="#"
                        >
                                    Brand
                        </a>
            </div>
            <div
                        className="collapse navbar-collapse"
                        id="bs-example-navbar-collapse-1"
            >
                        <ul
                                    className="nav navbar-nav"
                        >
                                    <li>
                                                <NavLink
                                                            activeClassName=""
                                                            ariaCurrent="true"
                                                            exact={true}
                                                            to="/"
                                                >
                                                            Home
                                                </NavLink>
                                    </li>
                                    <li>
                                                <NavLink
                                                            activeClassName=""
                                                            ariaCurrent="true"
                                                            to="/spread"
                                                >
                                                            Spread
                                                </NavLink>
                                    </li>
                        </ul>
            </div>
</div>,
          "className": "navbar navbar-default navbar-inverse",
        },
        "ref": null,
        "rendered": Object {
          "instance": null,
          "key": undefined,
          "nodeType": "host",
          "props": Object {
            "children": Array [
              <div
                className="navbar-header"
>
                <button
                                aria-expanded="false"
                                className="navbar-toggle collapsed"
                                data-target="#bs-example-navbar-collapse-1"
                                data-toggle="collapse"
                                type="button"
                >
                                <span
                                                className="sr-only"
                                >
                                                Toggle navigation
                                </span>
                                <span
                                                className="icon-bar"
                                />
                                <span
                                                className="icon-bar"
                                />
                                <span
                                                className="icon-bar"
                                />
                </button>
                <a
                                className="navbar-brand"
                                href="#"
                >
                                Brand
                </a>
</div>,
              <div
                className="collapse navbar-collapse"
                id="bs-example-navbar-collapse-1"
>
                <ul
                                className="nav navbar-nav"
                >
                                <li>
                                                <NavLink
                                                                activeClassName=""
                                                                ariaCurrent="true"
                                                                exact={true}
                                                                to="/"
                                                >
                                                                Home
                                                </NavLink>
                                </li>
                                <li>
                                                <NavLink
                                                                activeClassName=""
                                                                ariaCurrent="true"
                                                                to="/spread"
                                                >
                                                                Spread
                                                </NavLink>
                                </li>
                </ul>
</div>,
            ],
            "className": "container-fluid",
          },
          "ref": null,
          "rendered": Array [
            Object {
              "instance": null,
              "key": undefined,
              "nodeType": "host",
              "props": Object {
                "children": Array [
                  <button
                    aria-expanded="false"
                    className="navbar-toggle collapsed"
                    data-target="#bs-example-navbar-collapse-1"
                    data-toggle="collapse"
                    type="button"
>
                    <span
                                        className="sr-only"
                    >
                                        Toggle navigation
                    </span>
                    <span
                                        className="icon-bar"
                    />
                    <span
                                        className="icon-bar"
                    />
                    <span
                                        className="icon-bar"
                    />
</button>,
                  <a
                    className="navbar-brand"
                    href="#"
>
                    Brand
</a>,
                ],
                "className": "navbar-header",
              },
              "ref": null,
              "rendered": Array [
                Object {
                  "instance": null,
                  "key": undefined,
                  "nodeType": "host",
                  "props": Object {
                    "aria-expanded": "false",
                    "children": Array [
                      <span
                        className="sr-only"
>
                        Toggle navigation
</span>,
                      <span
                        className="icon-bar"
/>,
                      <span
                        className="icon-bar"
/>,
                      <span
                        className="icon-bar"
/>,
                    ],
                    "className": "navbar-toggle collapsed",
                    "data-target": "#bs-example-navbar-collapse-1",
                    "data-toggle": "collapse",
                    "type": "button",
                  },
                  "ref": null,
                  "rendered": Array [
                    Object {
                      "instance": null,
                      "key": undefined,
                      "nodeType": "host",
                      "props": Object {
                        "children": "Toggle navigation",
                        "className": "sr-only",
                      },
                      "ref": null,
                      "rendered": "Toggle navigation",
                      "type": "span",
                    },
                    Object {
                      "instance": null,
                      "key": undefined,
                      "nodeType": "host",
                      "props": Object {
                        "className": "icon-bar",
                      },
                      "ref": null,
                      "rendered": null,
                      "type": "span",
                    },
                    Object {
                      "instance": null,
                      "key": undefined,
                      "nodeType": "host",
                      "props": Object {
                        "className": "icon-bar",
                      },
                      "ref": null,
                      "rendered": null,
                      "type": "span",
                    },
                    Object {
                      "instance": null,
                      "key": undefined,
                      "nodeType": "host",
                      "props": Object {
                        "className": "icon-bar",
                      },
                      "ref": null,
                      "rendered": null,
                      "type": "span",
                    },
                  ],
                  "type": "button",
                },
                Object {
                  "instance": null,
                  "key": undefined,
                  "nodeType": "host",
                  "props": Object {
                    "children": "Brand",
                    "className": "navbar-brand",
                    "href": "#",
                  },
                  "ref": null,
                  "rendered": "Brand",
                  "type": "a",
                },
              ],
              "type": "div",
            },
            Object {
              "instance": null,
              "key": undefined,
              "nodeType": "host",
              "props": Object {
                "children": <ul
                  className="nav navbar-nav"
>
                  <li>
                                    <NavLink
                                                      activeClassName=""
                                                      ariaCurrent="true"
                                                      exact={true}
                                                      to="/"
                                    >
                                                      Home
                                    </NavLink>
                  </li>
                  <li>
                                    <NavLink
                                                      activeClassName=""
                                                      ariaCurrent="true"
                                                      to="/spread"
                                    >
                                                      Spread
                                    </NavLink>
                  </li>
</ul>,
                "className": "collapse navbar-collapse",
                "id": "bs-example-navbar-collapse-1",
              },
              "ref": null,
              "rendered": Object {
                "instance": null,
                "key": undefined,
                "nodeType": "host",
                "props": Object {
                  "children": Array [
                    <li>
                      <NavLink
                                            activeClassName=""
                                            ariaCurrent="true"
                                            exact={true}
                                            to="/"
                      >
                                            Home
                      </NavLink>
</li>,
                    <li>
                      <NavLink
                                            activeClassName=""
                                            ariaCurrent="true"
                                            to="/spread"
                      >
                                            Spread
                      </NavLink>
</li>,
                  ],
                  "className": "nav navbar-nav",
                },
                "ref": null,
                "rendered": Array [
                  Object {
                    "instance": null,
                    "key": undefined,
                    "nodeType": "host",
                    "props": Object {
                      "children": <NavLink
                        activeClassName=""
                        ariaCurrent="true"
                        exact={true}
                        to="/"
>
                        Home
</NavLink>,
                    },
                    "ref": null,
                    "rendered": Object {
                      "instance": null,
                      "key": undefined,
                      "nodeType": "function",
                      "props": Object {
                        "activeClassName": "",
                        "ariaCurrent": "true",
                        "children": "Home",
                        "exact": true,
                        "to": "/",
                      },
                      "ref": null,
                      "rendered": "Home",
                      "type": [Function],
                    },
                    "type": "li",
                  },
                  Object {
                    "instance": null,
                    "key": undefined,
                    "nodeType": "host",
                    "props": Object {
                      "children": <NavLink
                        activeClassName=""
                        ariaCurrent="true"
                        to="/spread"
>
                        Spread
</NavLink>,
                    },
                    "ref": null,
                    "rendered": Object {
                      "instance": null,
                      "key": undefined,
                      "nodeType": "function",
                      "props": Object {
                        "activeClassName": "",
                        "ariaCurrent": "true",
                        "children": "Spread",
                        "to": "/spread",
                      },
                      "ref": null,
                      "rendered": "Spread",
                      "type": [Function],
                    },
                    "type": "li",
                  },
                ],
                "type": "ul",
              },
              "type": "div",
            },
          ],
          "type": "div",
        },
        "type": "nav",
      },
      "type": "div",
    },
  ],
  Symbol(enzyme.__options__): Object {
    "adapter": ReactSixteenAdapter {
      "options": Object {
        "enableComponentDidUpdateOnSetState": true,
      },
    },
  },
}
`;
