// Jest Snapshot v1, https://goo.gl/fbAQLP

exports[`The dropdown component input component must render properly 1`] = `
ShallowWrapper {
  "length": 1,
  Symbol(enzyme.__root__): [Circular],
  Symbol(enzyme.__unrendered__): <SelectInput
    label="Name"
    name="Name"
    onChange={[Function]}
    options={Array []}
    rowValue=""
    touched={false}
/>,
  Symbol(enzyme.__renderer__): Object {
    "batchedUpdates": [Function],
    "getNode": [Function],
    "render": [Function],
    "simulateEvent": [Function],
    "unmount": [Function],
  },
  Symbol(enzyme.__node__): Object {
    "instance": null,
    "key": undefined,
    "nodeType": "host",
    "props": Object {
      "children": <div
        className="field"
>
        <select
                autoFocus={undefined}
                className="form-control"
                name="Name"
                onChange={[Function]}
                value={undefined}
        >
                <option
                        value=""
                />
        </select>
</div>,
      "className": "form-group",
    },
    "ref": null,
    "rendered": Object {
      "instance": null,
      "key": undefined,
      "nodeType": "host",
      "props": Object {
        "children": <select
          autoFocus={undefined}
          className="form-control"
          name="Name"
          onChange={[Function]}
          value={undefined}
>
          <option
                    value=""
          />
</select>,
        "className": "field",
      },
      "ref": null,
      "rendered": Object {
        "instance": null,
        "key": undefined,
        "nodeType": "host",
        "props": Object {
          "autoFocus": undefined,
          "children": Array [
            <option
              value=""
/>,
            Array [],
          ],
          "className": "form-control",
          "name": "Name",
          "onChange": [Function],
          "value": undefined,
        },
        "ref": null,
        "rendered": Array [
          Object {
            "instance": null,
            "key": undefined,
            "nodeType": "host",
            "props": Object {
              "value": "",
            },
            "ref": null,
            "rendered": null,
            "type": "option",
          },
        ],
        "type": "select",
      },
      "type": "div",
    },
    "type": "div",
  },
  Symbol(enzyme.__nodes__): Array [
    Object {
      "instance": null,
      "key": undefined,
      "nodeType": "host",
      "props": Object {
        "children": <div
          className="field"
>
          <select
                    autoFocus={undefined}
                    className="form-control"
                    name="Name"
                    onChange={[Function]}
                    value={undefined}
          >
                    <option
                              value=""
                    />
          </select>
</div>,
        "className": "form-group",
      },
      "ref": null,
      "rendered": Object {
        "instance": null,
        "key": undefined,
        "nodeType": "host",
        "props": Object {
          "children": <select
            autoFocus={undefined}
            className="form-control"
            name="Name"
            onChange={[Function]}
            value={undefined}
>
            <option
                        value=""
            />
</select>,
          "className": "field",
        },
        "ref": null,
        "rendered": Object {
          "instance": null,
          "key": undefined,
          "nodeType": "host",
          "props": Object {
            "autoFocus": undefined,
            "children": Array [
              <option
                value=""
/>,
              Array [],
            ],
            "className": "form-control",
            "name": "Name",
            "onChange": [Function],
            "value": undefined,
          },
          "ref": null,
          "rendered": Array [
            Object {
              "instance": null,
              "key": undefined,
              "nodeType": "host",
              "props": Object {
                "value": "",
              },
              "ref": null,
              "rendered": null,
              "type": "option",
            },
          ],
          "type": "select",
        },
        "type": "div",
      },
      "type": "div",
    },
  ],
  Symbol(enzyme.__options__): Object {
    "adapter": ReactSixteenAdapter {
      "options": Object {
        "enableComponentDidUpdateOnSetState": true,
      },
    },
  },
}
`;
