// Jest Snapshot v1, https://goo.gl/fbAQLP

exports[`The text input component input component must render properly 1`] = `
ShallowWrapper {
  "length": 1,
  Symbol(enzyme.__root__): [Circular],
  Symbol(enzyme.__unrendered__): <TextInput
    label="Description"
    name="Description"
    onChange={[Function]}
    readOnly={false}
    rowValue=""
/>,
  Symbol(enzyme.__renderer__): Object {
    "batchedUpdates": [Function],
    "getNode": [Function],
    "render": [Function],
    "simulateEvent": [Function],
    "unmount": [Function],
  },
  Symbol(enzyme.__node__): Object {
    "instance": null,
    "key": undefined,
    "nodeType": "host",
    "props": Object {
      "children": <div
        className="field"
>
        <input
                className="form-control"
                name="Description"
                onChange={[Function]}
                readOnly={false}
                type="text"
                value={undefined}
        />
</div>,
      "className": "form-group",
    },
    "ref": null,
    "rendered": Object {
      "instance": null,
      "key": undefined,
      "nodeType": "host",
      "props": Object {
        "children": <input
          className="form-control"
          name="Description"
          onChange={[Function]}
          readOnly={false}
          type="text"
          value={undefined}
/>,
        "className": "field",
      },
      "ref": null,
      "rendered": Object {
        "instance": null,
        "key": undefined,
        "nodeType": "host",
        "props": Object {
          "className": "form-control",
          "name": "Description",
          "onChange": [Function],
          "readOnly": false,
          "type": "text",
          "value": undefined,
        },
        "ref": null,
        "rendered": null,
        "type": "input",
      },
      "type": "div",
    },
    "type": "div",
  },
  Symbol(enzyme.__nodes__): Array [
    Object {
      "instance": null,
      "key": undefined,
      "nodeType": "host",
      "props": Object {
        "children": <div
          className="field"
>
          <input
                    className="form-control"
                    name="Description"
                    onChange={[Function]}
                    readOnly={false}
                    type="text"
                    value={undefined}
          />
</div>,
        "className": "form-group",
      },
      "ref": null,
      "rendered": Object {
        "instance": null,
        "key": undefined,
        "nodeType": "host",
        "props": Object {
          "children": <input
            className="form-control"
            name="Description"
            onChange={[Function]}
            readOnly={false}
            type="text"
            value={undefined}
/>,
          "className": "field",
        },
        "ref": null,
        "rendered": Object {
          "instance": null,
          "key": undefined,
          "nodeType": "host",
          "props": Object {
            "className": "form-control",
            "name": "Description",
            "onChange": [Function],
            "readOnly": false,
            "type": "text",
            "value": undefined,
          },
          "ref": null,
          "rendered": null,
          "type": "input",
        },
        "type": "div",
      },
      "type": "div",
    },
  ],
  Symbol(enzyme.__options__): Object {
    "adapter": ReactSixteenAdapter {
      "options": Object {
        "enableComponentDidUpdateOnSetState": true,
      },
    },
  },
}
`;
